[38;5;238m+- Help ---------------------------------------------------------------------+[m
[38;5;238m|[m                                                                            [38;5;238m|[m
[38;5;238m|[m [38;5;103mUNIVERSAL[m                                                                  [38;5;238m|[m
[38;5;238m|[m   [38;5;179mTab[m          [38;5;189mnext view[m                                                   [38;5;238m|[m
[38;5;238m|[m   [38;5;179mShift+Tab[m    [38;5;189mprevious view[m                                               [38;5;238m|[m
[38;5;238m|[m   [38;5;179mEsc[m          [38;5;189mgo back one level[m                                           [38;5;238m|[m
[38;5;238m|[m   [38;5;179m?[m            [38;5;189mshow the keys for this view[m                                 [38;5;238m|[m
[38;5;238m|[m   [38;5;179mq[m            [38;5;189mquit labdash[m                                                [38;5;238m|[m
[38;5;238m|[m                                                                            [38;5;238m|[m
[38;5;238m|[m [38;5;103mMOVEMENT[m                                                                   [38;5;238m|[m
[38;5;238m|[m   [38;5;179mj v[m          [38;5;189mmove down a row[m                                             [38;5;238m|[m
[38;5;238m|[m   [38;5;179mk ^[m          [38;5;189mmove up a row[m                                               [38;5;238m|[m
[38;5;238m|[m   [38;5;179mh <[m          [38;5;189mprevious section[m                                            [38;5;238m|[m
[38;5;238m|[m   [38;5;179ml >[m          [38;5;189mnext section[m                                                [38;5;238m|[m
[38;5;238m|[m   [38;5;179mg Home[m       [38;5;189mjump to the first row[m                                       [38;5;238m|[m
[38;5;238m|[m   [38;5;179mG End[m        [38;5;189mjump to the last row[m                                        [38;5;238m|[m
[38;5;238m|[m   [38;5;179mCtrl+D PgDn[m  [38;5;189mpage down[m                                                   [38;5;238m|[m
[38;5;238m|[m   [38;5;179mCtrl+U PgUp[m  [38;5;189mpage up[m                                                     [38;5;238m|[m
[38;5;238m|[m                                                                            [38;5;238m|[m
[38;5;238m+----------------------------------------------------------------------------+[m
[38;5;238m|[m [38;5;179mEsc[m  [38;5;145mclose[m    [38;5;103mlabdash keys --markdown lists every key, built or not[m        [38;5;238m|[m
[38;5;238m+----------------------------------------------------------------------------+[m
