[90m+------------------------------------------------------------------------------+[m
[90m|[m [33m>[m[1;33mMERGE REQUESTS[m   [90mpipelines[m   [90mto-dos[m   [90missues[m                        [90moffline[m [90m|[m
[90m+----------------------------------------+-------------------------------------+[m
[90m|[m table                                  [90m|[m preview                            [90m|[m
[90m+----------------------------------------+-------------------------------------+[m
[90m+------------------------------------------------------------------------------+[m
