[38;5;238m╭──────────────────────────────────────────────────────────────────────────────╮[m
[38;5;238m│[m [38;5;179m▍[m[1;38;5;179mMERGE REQUESTS[m   [38;5;103mpipelines[m   [38;5;103mto-dos[m   [38;5;103missues[m                        [38;5;103moffline[m [38;5;238m│[m
[38;5;238m├────────────────────────────────────────┬─────────────────────────────────────┤[m
[38;5;238m│[m table                                  [38;5;238m│[m preview                            [38;5;238m│[m
[38;5;238m├────────────────────────────────────────┴─────────────────────────────────────┤[m
[38;5;238m╰──────────────────────────────────────────────────────────────────────────────╯[m
