[38;2;57;64;79m╭──────────────────────────────────────────────────────────────────────────────╮[m
[38;2;57;64;79m│[m [38;2;232;163;61m▍[m[1;38;2;232;163;61mMERGE REQUESTS[m   [38;2;138;148;167mpipelines[m   [38;2;138;148;167mto-dos[m   [38;2;138;148;167missues[m                        [38;2;138;148;167moffline[m [38;2;57;64;79m│[m
[38;2;57;64;79m├────────────────────────────────────────┬─────────────────────────────────────┤[m
[38;2;57;64;79m│[m table                                  [38;2;57;64;79m│[m preview                            [38;2;57;64;79m│[m
[38;2;57;64;79m├────────────────────────────────────────┴─────────────────────────────────────┤[m
[38;2;57;64;79m╰──────────────────────────────────────────────────────────────────────────────╯[m
