╭──────────────────────────────────────────────────────────────────────────────╮
│ ▍[1mMERGE REQUESTS[m   pipelines   to-dos   issues                        offline │
├────────────────────────────────────────┬─────────────────────────────────────┤
│ table                                  │ preview                            │
├────────────────────────────────────────┴─────────────────────────────────────┤
╰──────────────────────────────────────────────────────────────────────────────╯
