[38;5;238m+----------------------------------------------------------------------------------------------------------------------+[m
[38;5;238m|[m [38;5;179m>[m[1;38;5;179mMERGE REQUESTS[m   [38;5;103mpipelines[m   [38;5;103mto-dos[m   [38;5;103missues[m                                                                       [38;5;103m[m [38;5;238m|[m
[38;5;238m+----------------------------------------------------------------------------------------------------------------------+[m
[38;5;238m|[m   [38;5;179m>[m[1;38;5;189mNeeds my review[m   [38;5;145mMine[m   [38;5;145mEverything[m                                                                               [38;5;238m|[m
[38;5;238m+-----------------------------------------------------------------------+----------------------------------------------+[m
[38;5;238m|[m [38;5;103mTITLE                 BLOCKER     CI  APPR  PROJECT     AGE   AUT...[m [38;5;238m|[m [38;5;103mPREVIEW[m                                       [38;5;238m|[m
[38;5;238m|[m                                                                      [38;5;238m|[m                                               [38;5;238m|[m
[38;5;238m|[m                                                                      [38;5;238m|[m [38;5;145mSelect a row to see its detail here.[m          [38;5;238m|[m
[38;5;238m|[m                                                                      [38;5;238m|[m                                               [38;5;238m|[m
[38;5;238m|[m                                                                      [38;5;238m|[m                                               [38;5;238m|[m
[38;5;238m|[m                                                                      [38;5;238m|[m                                               [38;5;238m|[m
[38;5;238m|[m                                                                      [38;5;238m|[m                                               [38;5;238m|[m
[38;5;238m|[m                                                                      [38;5;238m|[m                                               [38;5;238m|[m
[38;5;238m|[m                                                                      [38;5;238m|[m                                               [38;5;238m|[m
[38;5;238m|[m                                  [38;5;103m#[m                                   [38;5;238m|[m                                               [38;5;238m|[m
[38;5;238m|[m                                                                      [38;5;238m|[m                                               [38;5;238m|[m
[38;5;238m|[m                      [38;5;189mNothing needs your review.[m                      [38;5;238m|[m                                               [38;5;238m|[m
[38;5;238m|[m                                                                      [38;5;238m|[m                                               [38;5;238m|[m
[38;5;238m|[m [38;5;145mThis build draws the frame. Merge requests arrive with the data l...[m [38;5;238m|[m                                               [38;5;238m|[m
[38;5;238m|[m                                                                      [38;5;238m|[m                                               [38;5;238m|[m
[38;5;238m|[m                  [38;5;179mf[m  [38;5;103mfilter[m    [38;5;179mb[m  [38;5;103mbrowse[m    [38;5;179m?[m  [38;5;103mhelp[m                   [38;5;238m|[m                                               [38;5;238m|[m
[38;5;238m|[m                                                                      [38;5;238m|[m                                               [38;5;238m|[m
[38;5;238m|[m                                                                      [38;5;238m|[m                                               [38;5;238m|[m
[38;5;238m|[m                                                                      [38;5;238m|[m                                               [38;5;238m|[m
[38;5;238m|[m                                                                      [38;5;238m|[m                                               [38;5;238m|[m
[38;5;238m|[m                                                                      [38;5;238m|[m                                               [38;5;238m|[m
[38;5;238m|[m                                                                      [38;5;238m|[m                                               [38;5;238m|[m
[38;5;238m|[m                                                                      [38;5;238m|[m                                               [38;5;238m|[m
[38;5;238m|[m                                                                      [38;5;238m|[m                                               [38;5;238m|[m
[38;5;238m+-----------------------------------------------------------------------+----------------------------------------------+[m
[38;5;238m|[m [38;5;145mMerge requests[m    [38;5;80m[m                      [38;5;103mb[m [38;5;103mbrowse[m  [38;5;103mf[m [38;5;103mfilter[m  [38;5;103mP[m [38;5;103mpin[m  [38;5;103mv[m [38;5;103mapprove[m  [38;5;103mV[m [38;5;103mapprove all[m  [38;5;103mm[m [38;5;103mmerge[m  [38;5;179m?[m [38;5;145mhelp[m  [38;5;179mq[m [38;5;145mquit[m [38;5;238m|[m
[38;5;238m+----------------------------------------------------------------------------------------------------------------------+[m
