[38;2;57;64;79m+----------------------------------------------------------------------------------------------------------------------+[m
[38;2;57;64;79m|[m [38;2;232;163;61m>[m[1;38;2;232;163;61mMERGE REQUESTS[m   [38;2;138;148;167mpipelines[m   [38;2;138;148;167mto-dos[m   [38;2;138;148;167missues[m                                                                       [38;2;138;148;167m[m [38;2;57;64;79m|[m
[38;2;57;64;79m+----------------------------------------------------------------------------------------------------------------------+[m
[38;2;57;64;79m|[m   [38;2;232;163;61m>[m[1;38;2;230;233;239mNeeds my review[m   [38;2;168;176;192mMine[m   [38;2;168;176;192mEverything[m                                                                               [38;2;57;64;79m|[m
[38;2;57;64;79m+-----------------------------------------------------------------------+----------------------------------------------+[m
[38;2;57;64;79m|[m [38;2;138;148;167mTITLE                 BLOCKER     CI  APPR  PROJECT     AGE   AUT...[m [38;2;57;64;79m|[m [38;2;138;148;167mPREVIEW[m                                       [38;2;57;64;79m|[m
[38;2;57;64;79m|[m                                                                      [38;2;57;64;79m|[m                                               [38;2;57;64;79m|[m
[38;2;57;64;79m|[m                                                                      [38;2;57;64;79m|[m [38;2;168;176;192mSelect a row to see its detail here.[m          [38;2;57;64;79m|[m
[38;2;57;64;79m|[m                                                                      [38;2;57;64;79m|[m                                               [38;2;57;64;79m|[m
[38;2;57;64;79m|[m                                                                      [38;2;57;64;79m|[m                                               [38;2;57;64;79m|[m
[38;2;57;64;79m|[m                                                                      [38;2;57;64;79m|[m                                               [38;2;57;64;79m|[m
[38;2;57;64;79m|[m                                                                      [38;2;57;64;79m|[m                                               [38;2;57;64;79m|[m
[38;2;57;64;79m|[m                                                                      [38;2;57;64;79m|[m                                               [38;2;57;64;79m|[m
[38;2;57;64;79m|[m                                                                      [38;2;57;64;79m|[m                                               [38;2;57;64;79m|[m
[38;2;57;64;79m|[m                                  [38;2;138;148;167m#[m                                   [38;2;57;64;79m|[m                                               [38;2;57;64;79m|[m
[38;2;57;64;79m|[m                                                                      [38;2;57;64;79m|[m                                               [38;2;57;64;79m|[m
[38;2;57;64;79m|[m                      [38;2;230;233;239mNothing needs your review.[m                      [38;2;57;64;79m|[m                                               [38;2;57;64;79m|[m
[38;2;57;64;79m|[m                                                                      [38;2;57;64;79m|[m                                               [38;2;57;64;79m|[m
[38;2;57;64;79m|[m [38;2;168;176;192mThis build draws the frame. Merge requests arrive with the data l...[m [38;2;57;64;79m|[m                                               [38;2;57;64;79m|[m
[38;2;57;64;79m|[m                                                                      [38;2;57;64;79m|[m                                               [38;2;57;64;79m|[m
[38;2;57;64;79m|[m                  [38;2;232;163;61mf[m  [38;2;138;148;167mfilter[m    [38;2;232;163;61mb[m  [38;2;138;148;167mbrowse[m    [38;2;232;163;61m?[m  [38;2;138;148;167mhelp[m                   [38;2;57;64;79m|[m                                               [38;2;57;64;79m|[m
[38;2;57;64;79m|[m                                                                      [38;2;57;64;79m|[m                                               [38;2;57;64;79m|[m
[38;2;57;64;79m|[m                                                                      [38;2;57;64;79m|[m                                               [38;2;57;64;79m|[m
[38;2;57;64;79m|[m                                                                      [38;2;57;64;79m|[m                                               [38;2;57;64;79m|[m
[38;2;57;64;79m|[m                                                                      [38;2;57;64;79m|[m                                               [38;2;57;64;79m|[m
[38;2;57;64;79m|[m                                                                      [38;2;57;64;79m|[m                                               [38;2;57;64;79m|[m
[38;2;57;64;79m|[m                                                                      [38;2;57;64;79m|[m                                               [38;2;57;64;79m|[m
[38;2;57;64;79m|[m                                                                      [38;2;57;64;79m|[m                                               [38;2;57;64;79m|[m
[38;2;57;64;79m|[m                                                                      [38;2;57;64;79m|[m                                               [38;2;57;64;79m|[m
[38;2;57;64;79m+-----------------------------------------------------------------------+----------------------------------------------+[m
[38;2;57;64;79m|[m [38;2;168;176;192mMerge requests[m    [38;2;95;215;224m[m                      [38;2;138;148;167mb[m [38;2;138;148;167mbrowse[m  [38;2;138;148;167mf[m [38;2;138;148;167mfilter[m  [38;2;138;148;167mP[m [38;2;138;148;167mpin[m  [38;2;138;148;167mv[m [38;2;138;148;167mapprove[m  [38;2;138;148;167mV[m [38;2;138;148;167mapprove all[m  [38;2;138;148;167mm[m [38;2;138;148;167mmerge[m  [38;2;232;163;61m?[m [38;2;168;176;192mhelp[m  [38;2;232;163;61mq[m [38;2;168;176;192mquit[m [38;2;57;64;79m|[m
[38;2;57;64;79m+----------------------------------------------------------------------------------------------------------------------+[m
