+----------------------------------------------------------------------------------------------------------------------+
| >[1mMERGE REQUESTS[m   pipelines   to-dos   issues                                                                        |
+----------------------------------------------------------------------------------------------------------------------+
|   >[1mNeeds my review[m   Mine   Everything                                                                               |
+-----------------------------------------------------------------------+----------------------------------------------+
| TITLE                 BLOCKER     CI  APPR  PROJECT     AGE   AUT... | PREVIEW                                       |
|                                                                      |                                               |
|                                                                      | Select a row to see its detail here.          |
|                                                                      |                                               |
|                                                                      |                                               |
|                                                                      |                                               |
|                                                                      |                                               |
|                                                                      |                                               |
|                                                                      |                                               |
|                                  #                                   |                                               |
|                                                                      |                                               |
|                      Nothing needs your review.                      |                                               |
|                                                                      |                                               |
| This build draws the frame. Merge requests arrive with the data l... |                                               |
|                                                                      |                                               |
|                  f  filter    b  browse    ?  help                   |                                               |
|                                                                      |                                               |
|                                                                      |                                               |
|                                                                      |                                               |
|                                                                      |                                               |
|                                                                      |                                               |
|                                                                      |                                               |
|                                                                      |                                               |
|                                                                      |                                               |
+-----------------------------------------------------------------------+----------------------------------------------+
| Merge requests                          b browse  f filter  P pin  v approve  V approve all  m merge  ? help  q quit |
+----------------------------------------------------------------------------------------------------------------------+
