[90m╭──────────────────────────────────────────────────────────────────────────────────────────────────────────────────────╮[m
[90m│[m [33m▍[m[1;33mMERGE REQUESTS[m   [90mpipelines[m   [90mto-dos[m   [90missues[m                                                                       [90m[m [90m│[m
[90m├──────────────────────────────────────────────────────────────────────────────────────────────────────────────────────┤[m
[90m│[m   [33m▍[m[1;97mNeeds my review[m   [37mMine[m   [37mEverything[m                                                                               [90m│[m
[90m├───────────────────────────────────────────────────────────────────────┬──────────────────────────────────────────────┤[m
[90m│[m [90mTITLE                 BLOCKER     CI  APPR  PROJECT     AGE   AUTHO…[m [90m│[m [90mPREVIEW[m                                       [90m│[m
[90m│[m                                                                      [90m│[m                                               [90m│[m
[90m│[m                                                                      [90m│[m [37mSelect a row to see its detail here.[m          [90m│[m
[90m│[m                                                                      [90m│[m                                               [90m│[m
[90m│[m                                                                      [90m│[m                                               [90m│[m
[90m│[m                                                                      [90m│[m                                               [90m│[m
[90m│[m                                                                      [90m│[m                                               [90m│[m
[90m│[m                                                                      [90m│[m                                               [90m│[m
[90m│[m                                                                      [90m│[m                                               [90m│[m
[90m│[m                                  [90m⌗[m                                   [90m│[m                                               [90m│[m
[90m│[m                                                                      [90m│[m                                               [90m│[m
[90m│[m                      [97mNothing needs your review.[m                      [90m│[m                                               [90m│[m
[90m│[m                                                                      [90m│[m                                               [90m│[m
[90m│[m [37mThis build draws the frame. Merge requests arrive with the data lay…[m [90m│[m                                               [90m│[m
[90m│[m                                                                      [90m│[m                                               [90m│[m
[90m│[m                  [33mf[m  [90mfilter[m    [33mb[m  [90mbrowse[m    [33m?[m  [90mhelp[m                   [90m│[m                                               [90m│[m
[90m│[m                                                                      [90m│[m                                               [90m│[m
[90m│[m                                                                      [90m│[m                                               [90m│[m
[90m│[m                                                                      [90m│[m                                               [90m│[m
[90m│[m                                                                      [90m│[m                                               [90m│[m
[90m│[m                                                                      [90m│[m                                               [90m│[m
[90m│[m                                                                      [90m│[m                                               [90m│[m
[90m│[m                                                                      [90m│[m                                               [90m│[m
[90m│[m                                                                      [90m│[m                                               [90m│[m
[90m├───────────────────────────────────────────────────────────────────────┴──────────────────────────────────────────────┤[m
[90m│[m [37mMerge requests[m    [36m[m                      [90mb[m [90mbrowse[m  [90mf[m [90mfilter[m  [90mP[m [90mpin[m  [90mv[m [90mapprove[m  [90mV[m [90mapprove all[m  [90mm[m [90mmerge[m  [33m?[m [37mhelp[m  [33mq[m [37mquit[m [90m│[m
[90m╰──────────────────────────────────────────────────────────────────────────────────────────────────────────────────────╯[m
