[38;2;57;64;79m╭────────────────────────────────────────────────────────────────────╮[m
[38;2;57;64;79m│[m                                                                    [38;2;57;64;79m│[m
[38;2;57;64;79m│[m [38;2;232;163;61m█░░ ▄▀█ █▄▄ █▀▄ ▄▀█ █▀ █░█[m                                         [38;2;57;64;79m│[m
[38;2;57;64;79m│[m [38;2;232;163;61m█▄▄ █▀█ █▄█ █▄▀ █▀█ ▄█ █▀█[m                                         [38;2;57;64;79m│[m
[38;2;57;64;79m│[m [38;2;138;148;167mevery queue that matters   v0.1.0[m                                  [38;2;57;64;79m│[m
[38;2;57;64;79m│[m                                                                    [38;2;57;64;79m│[m
[38;2;57;64;79m│[m [38;2;230;233;239mLet's connect you to a GitLab instance.[m                            [38;2;57;64;79m│[m
[38;2;57;64;79m│[m                                                                    [38;2;57;64;79m│[m
[38;2;57;64;79m│[m [38;2;232;163;61m▍[m [1;38;2;230;233;239mWhich GitLab?[m                                                    [38;2;57;64;79m│[m
[38;2;57;64;79m│[m                                                                    [38;2;57;64;79m│[m
[38;2;57;64;79m│[m    [38;2;232;163;61m→[m  [1;38;2;230;233;239mgitlab.com[m                                                   [38;2;57;64;79m│[m
[38;2;57;64;79m│[m       [38;2;168;176;192ma self-managed instance…[m                                     [38;2;57;64;79m│[m
[38;2;57;64;79m│[m                                                                    [38;2;57;64;79m│[m
[38;2;57;64;79m│[m                                                                    [38;2;57;64;79m│[m
[38;2;57;64;79m│[m                                                                    [38;2;57;64;79m│[m
[38;2;57;64;79m│[m                                                                    [38;2;57;64;79m│[m
[38;2;57;64;79m│[m                                                                    [38;2;57;64;79m│[m
[38;2;57;64;79m│[m                                                                    [38;2;57;64;79m│[m
[38;2;57;64;79m│[m                                                                    [38;2;57;64;79m│[m
[38;2;57;64;79m├────────────────────────────────────────────────────────────────────┤[m
[38;2;57;64;79m│[m [38;2;168;176;192mSign in[m    [38;2;95;215;224m[m                     [38;2;232;163;61mj[m [38;2;168;176;192mdown[m  [38;2;232;163;61m⏎[m [38;2;168;176;192mcontinue[m  [38;2;232;163;61m?[m [38;2;168;176;192mhelp[m  [38;2;232;163;61mq[m [38;2;168;176;192mquit[m [38;2;57;64;79m│[m
[38;2;57;64;79m╰────────────────────────────────────────────────────────────────────╯[m
