[38;2;57;64;79m╭──────────────────────────────────────────────────────────────────────────────────────────────────────────────────────╮[m
[38;2;57;64;79m│[m                                                                                                                      [38;2;57;64;79m│[m
[38;2;57;64;79m│[m [38;2;232;163;61m▍[m [1;38;2;230;233;239mPaste a token for gitlab.com[m                                                                                       [38;2;57;64;79m│[m
[38;2;57;64;79m│[m                                                                                                                      [38;2;57;64;79m│[m
[38;2;57;64;79m│[m     [38;2;168;176;192mToken[m  [37m[m[7;37mp[m[38;5;240maste it here[m[38;5;240m                                    [m                                                         [38;2;57;64;79m│[m
[38;2;57;64;79m│[m                                                                                                                      [38;2;57;64;79m│[m
[38;2;57;64;79m│[m [38;2;168;176;192mCreate one at https://gitlab.com/-/user_settings/personal_access_tokens[m                                              [38;2;57;64;79m│[m
[38;2;57;64;79m│[m [38;2;168;176;192mwith the api scope, or read_api to browse without changing anything.[m                                                 [38;2;57;64;79m│[m
[38;2;57;64;79m│[m                                                                                                                      [38;2;57;64;79m│[m
[38;2;57;64;79m│[m [38;2;138;148;167mNothing appears as you paste.[m                                                                                        [38;2;57;64;79m│[m
[38;2;57;64;79m│[m                                                                                                                      [38;2;57;64;79m│[m
[38;2;57;64;79m│[m                                                                                                                      [38;2;57;64;79m│[m
[38;2;57;64;79m│[m                                                                                                                      [38;2;57;64;79m│[m
[38;2;57;64;79m│[m                                                                                                                      [38;2;57;64;79m│[m
[38;2;57;64;79m│[m                                                                                                                      [38;2;57;64;79m│[m
[38;2;57;64;79m│[m                                                                                                                      [38;2;57;64;79m│[m
[38;2;57;64;79m│[m                                                                                                                      [38;2;57;64;79m│[m
[38;2;57;64;79m│[m                                                                                                                      [38;2;57;64;79m│[m
[38;2;57;64;79m│[m                                                                                                                      [38;2;57;64;79m│[m
[38;2;57;64;79m│[m                                                                                                                      [38;2;57;64;79m│[m
[38;2;57;64;79m│[m                                                                                                                      [38;2;57;64;79m│[m
[38;2;57;64;79m│[m                                                                                                                      [38;2;57;64;79m│[m
[38;2;57;64;79m│[m                                                                                                                      [38;2;57;64;79m│[m
[38;2;57;64;79m│[m                                                                                                                      [38;2;57;64;79m│[m
[38;2;57;64;79m│[m                                                                                                                      [38;2;57;64;79m│[m
[38;2;57;64;79m│[m                                                                                                                      [38;2;57;64;79m│[m
[38;2;57;64;79m│[m                                                                                                                      [38;2;57;64;79m│[m
[38;2;57;64;79m├──────────────────────────────────────────────────────────────────────────────────────────────────────────────────────┤[m
[38;2;57;64;79m│[m [38;2;168;176;192mSign in[m    [38;2;95;215;224m[m                                                                     [38;2;232;163;61m⏎[m [38;2;168;176;192mcontinue[m  [38;2;232;163;61mEsc[m [38;2;168;176;192mback[m  [38;2;232;163;61m?[m [38;2;168;176;192mhelp[m  [38;2;232;163;61mq[m [38;2;168;176;192mquit[m [38;2;57;64;79m│[m
[38;2;57;64;79m╰──────────────────────────────────────────────────────────────────────────────────────────────────────────────────────╯[m
