[38;2;57;64;79m╭──────────────────────────────────────────────────────────────────────────────────────────────────────────────────────╮[m
[38;2;57;64;79m│[m                                                                                                                      [38;2;57;64;79m│[m
[38;2;57;64;79m│[m [38;2;232;163;61m▍[m [1;38;2;230;233;239mSign in to gitlab.com[m                                                                                              [38;2;57;64;79m│[m
[38;2;57;64;79m│[m                                                                                                                      [38;2;57;64;79m│[m
[38;2;57;64;79m│[m    [38;2;232;163;61m→[m  [1;38;2;230;233;239ma one-time code[m             [38;2;138;148;167mworks over SSH and in containers[m                                                   [38;2;57;64;79m│[m
[38;2;57;64;79m│[m       [38;2;168;176;192myour browser[m                [38;2;138;148;167mfor instances older than GitLab 17.9[m                                               [38;2;57;64;79m│[m
[38;2;57;64;79m│[m       [38;2;168;176;192ma personal access token[m     [38;2;138;148;167mno OAuth application needed[m                                                        [38;2;57;64;79m│[m
[38;2;57;64;79m│[m                                                                                                                      [38;2;57;64;79m│[m
[38;2;57;64;79m│[m                                                                                                                      [38;2;57;64;79m│[m
[38;2;57;64;79m│[m                                                                                                                      [38;2;57;64;79m│[m
[38;2;57;64;79m│[m                                                                                                                      [38;2;57;64;79m│[m
[38;2;57;64;79m│[m                                                                                                                      [38;2;57;64;79m│[m
[38;2;57;64;79m│[m                                                                                                                      [38;2;57;64;79m│[m
[38;2;57;64;79m│[m                                                                                                                      [38;2;57;64;79m│[m
[38;2;57;64;79m│[m                                                                                                                      [38;2;57;64;79m│[m
[38;2;57;64;79m│[m                                                                                                                      [38;2;57;64;79m│[m
[38;2;57;64;79m│[m                                                                                                                      [38;2;57;64;79m│[m
[38;2;57;64;79m│[m                                                                                                                      [38;2;57;64;79m│[m
[38;2;57;64;79m│[m                                                                                                                      [38;2;57;64;79m│[m
[38;2;57;64;79m│[m                                                                                                                      [38;2;57;64;79m│[m
[38;2;57;64;79m│[m                                                                                                                      [38;2;57;64;79m│[m
[38;2;57;64;79m│[m                                                                                                                      [38;2;57;64;79m│[m
[38;2;57;64;79m│[m                                                                                                                      [38;2;57;64;79m│[m
[38;2;57;64;79m│[m                                                                                                                      [38;2;57;64;79m│[m
[38;2;57;64;79m│[m                                                                                                                      [38;2;57;64;79m│[m
[38;2;57;64;79m│[m                                                                                                                      [38;2;57;64;79m│[m
[38;2;57;64;79m│[m                                                                                                                      [38;2;57;64;79m│[m
[38;2;57;64;79m├──────────────────────────────────────────────────────────────────────────────────────────────────────────────────────┤[m
[38;2;57;64;79m│[m [38;2;168;176;192mSign in[m    [38;2;95;215;224m[m                                                      [38;2;232;163;61m⏎[m [38;2;168;176;192mcontinue[m  [38;2;232;163;61mt[m [38;2;168;176;192muse a token[m  [38;2;232;163;61mEsc[m [38;2;168;176;192mback[m  [38;2;232;163;61m?[m [38;2;168;176;192mhelp[m  [38;2;232;163;61mq[m [38;2;168;176;192mquit[m [38;2;57;64;79m│[m
[38;2;57;64;79m╰──────────────────────────────────────────────────────────────────────────────────────────────────────────────────────╯[m
